*** Using Compiler 'V6.24', folder: 'D:\Keil5\ARM\ARMCLANG\Bin'
Rebuild target 'GD32A711x_A712x_M7_0'
compiling systick.c...
compiling adc_manager.c...
compiling actor.c...
compiling gd32a7xx_it.c...
compiling bmp280.c...
compiling ds18b20.c...
compiling main.c...
compiling can.c...
compiling fault_manager.c...
compiling relay_power.c...
compiling temp_sensor.c...
compiling mq9.c...
compiling key.c...
compiling i2c.c...
compiling motor_pwm_gd32.c...
compiling power_manager.c...
compiling system_state.c...
compiling watchdog.c...
compiling system_gd32a71xx_a74xx.c...
compiling gd32a7xx_err_report.c...
compiling gd32a7xx_bkp.c...
compiling gd32a7xx_busim.c...
compiling gd32a7xx_adc.c...
compiling gd32a7xx_can.c...
compiling gd32a7xx_cltcfg.c...
compiling gd32a7xx_crc.c...
compiling gd32a7xx_dac.c...
compiling gd32a7xx_cmp.c...
compiling gd32a7xx_dbg.c...
compiling gd32a7xx_dma.c...
compiling gd32a7xx_extmpu.c...
compiling gd32a7xx_exti.c...
compiling gd32a7xx_fmu.c...
compiling gd32a7xx_fwdgt.c...
compiling gd32a7xx_fmc.c...
compiling gd32a7xx_gpio.c...
compiling gd32a7xx_gdap.c...
compiling gd32a7xx_imicu.c...
compiling gd32a7xx_hsmif.c...
compiling gd32a7xx_i2c.c...
compiling gd32a7xx_irm.c...
compiling gd32a7xx_mfcom.c...
compiling gd32a7xx_jdc.c...
compiling gd32a7xx_linflexd_lin.c...
compiling gd32a7xx_misc.c...
compiling gd32a7xx_pmu.c...
compiling gd32a7xx_mtc.c...
compiling gd32a7xx_linflexd_uart.c...
compiling gd32a7xx_prpu.c...
compiling gd32a7xx_qspi.c...
compiling gd32a7xx_rtc.c...
compiling gd32a7xx_rcu.c...
compiling gd32a7xx_spi.c...
compiling gd32a7xx_stcm.c...
compiling gd32a7xx_sram_tcm.c...
compiling gd32a7xx_syscfg.c...
assembling startup_gd32a711x_a712x.s...
compiling gd32a7xx_trigsel.c...
compiling gd32a7xx_wwdgt.c...
compiling list.c...
compiling gd32a712_evb.c...
compiling croutine.c...
compiling event_groups.c...
compiling gd32a7xx_timer.c...
compiling queue.c...
compiling stream_buffer.c...
compiling port.c...
compiling heap_4.c...
compiling timers.c...
compiling tasks.c...
linking...
Program Size: Code=39686 RO-data=2410 RW-data=12 ZI-data=35524  
".\output\Project.axf" - 0 Error(s), 0 Warning(s).
Build Time Elapsed:  00:00:13
