*** Using Compiler 'V6.24', folder: 'D:\Keil5\ARM\ARMCLANG\Bin'
Rebuild target 'GD32A711x_A712x_M7_0'
compiling ignition_control.c...
compiling can_app.c...
compiling thermal_control.c...
compiling main.c...
compiling systick.c...
compiling power_mode.c...
compiling gd32a7xx_it.c...
compiling app_tasks.c...
compiling gd32a7xx_err_report.c...
compiling system_gd32a71xx_a74xx.c...
compiling gd32a7xx_bkp.c...
compiling gd32a7xx_busim.c...
compiling gd32a7xx_cltcfg.c...
compiling gd32a7xx_cmp.c...
compiling gd32a7xx_adc.c...
compiling gd32a7xx_can.c...
compiling gd32a7xx_crc.c...
compiling gd32a7xx_dbg.c...
compiling gd32a7xx_dac.c...
compiling gd32a7xx_exti.c...
compiling gd32a7xx_dma.c...
compiling gd32a7xx_extmpu.c...
compiling gd32a7xx_fmu.c...
compiling gd32a7xx_fmc.c...
compiling gd32a7xx_fwdgt.c...
compiling gd32a7xx_gpio.c...
compiling gd32a7xx_hsmif.c...
compiling gd32a7xx_imicu.c...
compiling gd32a7xx_gdap.c...
compiling gd32a7xx_i2c.c...
compiling gd32a7xx_irm.c...
compiling gd32a7xx_jdc.c...
compiling gd32a7xx_mfcom.c...
compiling gd32a7xx_linflexd_lin.c...
compiling gd32a7xx_mtc.c...
compiling gd32a7xx_misc.c...
compiling gd32a7xx_pmu.c...
compiling gd32a7xx_linflexd_uart.c...
compiling gd32a7xx_prpu.c...
compiling gd32a7xx_rtc.c...
compiling gd32a7xx_qspi.c...
compiling gd32a7xx_stcm.c...
compiling gd32a7xx_rcu.c...
compiling gd32a7xx_spi.c...
compiling gd32a7xx_sram_tcm.c...
compiling gd32a7xx_syscfg.c...
assembling startup_gd32a711x_a712x.s...
compiling croutine.c...
compiling event_groups.c...
compiling gd32a7xx_wwdgt.c...
compiling gd32a7xx_trigsel.c...
compiling list.c...
compiling gd32a712_evb.c...
compiling gd32a7xx_timer.c...
compiling port.c...
compiling stream_buffer.c...
compiling heap_4.c...
compiling queue.c...
compiling timers.c...
compiling tasks.c...
compiling adc_manager.c...
compiling mq9_mcal.c...
compiling relay_power.c...
compiling can_driver.c...
compiling ds18b20.c...
compiling bmp280.c...
compiling key.c...
compiling motor_pwm_gd32.c...
compiling watchdog.c...
compiling pressure_sensor.c...
compiling system_state.c...
compiling actor_hal.c...
error: unable to rename temporary './output/adc_ecual-15fd6d81.o.tmp' to output file './output/adc_ecual.o': 'permission denied'
1 error generated.
armclang: error: unable to remove file: permission denied
compiling adc_ecual.c...
compiling i2c.c...
compiling temp_sensor.c...
compiling gas_sensor.c...
compiling can_protocol.c...
compiling fault_manager.c...
compiling sensor_manager.c...
".\output\Project.axf" - 2 Error(s), 0 Warning(s).
Target not created.
Build Time Elapsed:  00:00:10
